// Jest Snapshot v1, https://goo.gl/fbAQLP

exports[`Home page tests home snapshot match 1`] = `
<div
  className="container"
>
  <div
    className="mt-4 row"
  >
    <div
      className="col-12"
    >
      <div
        className="m-auto max-width-960 row"
      >
        <div
          className="ps-0 col-md-11 col-sm-10"
          data-testid="home-top-message"
        >
          Do you have an Idea to share? A challenge your team is facing? We want to hear about it! Please click the 'add' button to share.
        </div>
        <div
          className="pe-0 col-md-1 col-sm-2"
        >
          <a
            href="#/topic/"
            onClick={[Function]}
          >
            <button
              className="float-end btn btn-primary"
              disabled={false}
              type="button"
            >
              Add
            </button>
          </a>
        </div>
      </div>
    </div>
  </div>
  <div
    className="max-width-960 mx-auto row"
  >
    <div
      className="p-0 col-12"
    >
      <div
        className="mt-2"
      >
        <form
          className=""
          onSubmit={[Function]}
        >
          <div
            className="mb-3 d-flex"
          >
            <input
              className="form-control"
              data-testid="home-search-box"
              id="search-input"
              placeholder="Search"
              type="search"
            />
            <button
              aria-label="Click to Search"
              className="btn btn-primary"
              disabled={false}
              id="search-icon-btn"
              title="Click to Search"
              type="submit"
            >
              <svg
                className="bi bi-search"
                fill="currentColor"
                id="search-icon"
                viewBox="0 -3 24 24"
                xmlns="http://www.w3.org/2000/svg"
              >
                <path
                  d="M11.742 10.344a6.5 6.5 0 1 0-1.397 1.398h-.001c.03.04.062.078.098.115l3.85 3.85a1 1 0 0 0 1.415-1.414l-3.85-3.85a1.007 1.007 0 0 0-.115-.1zM12 6.5a5.5 5.5 0 1 1-11 0 5.5 5.5 0 0 1 11 0z"
                />
              </svg>
            </button>
          </div>
        </form>
      </div>
    </div>
  </div>
  <div
    className="max-width-960 mx-auto row"
  >
    <div
      className="mb-3 p-0 me-1 col-3"
    >
      <form
        className=""
      >
        <div
          className="mb-3"
        >
          <select
            className="form-select"
            defaultValue="All Categories"
            id="AllCategories"
            onChange={[Function]}
          >
            <option
              value={
                Array [
                  0,
                  1,
                ]
              }
            >
              All Categories
            </option>
            <option
              value={0}
            >
              Mindset
            </option>
            <option
              value={1}
            >
              Customer Delight
            </option>
          </select>
        </div>
      </form>
    </div>
    <div
      className="mb-3 p-0 me-1 col-3"
    >
      <form
        className=""
      >
        <div
          className="mb-3"
        >
          <select
            className="form-select"
            defaultValue="All Departments"
            id="AllDepartments"
            onChange={[Function]}
          >
            <option
              value={
                Array [
                  0,
                  1,
                ]
              }
            >
              All Departments
            </option>
            <option
              value={0}
            >
              Product Engineering
            </option>
            <option
              value={1}
            >
              Product Management
            </option>
          </select>
        </div>
      </form>
    </div>
    <div
      className="mb-3 p-0 me-1 col-3"
    >
      <form
        className=""
      >
        <div
          className="mb-3"
        >
          <select
            className="form-select"
            defaultValue="All Statuses"
            id="AllStatuses"
            onChange={[Function]}
          >
            <option
              value={
                Array [
                  0,
                  1,
                  2,
                  3,
                  4,
                ]
              }
            >
              All Statuses
            </option>
            <option
              value={0}
            >
              Proposed
            </option>
            <option
              value={1}
            >
              Brainstorming
            </option>
            <option
              value={2}
            >
              Creating
            </option>
            <option
              value={3}
            >
              Feedback
            </option>
            <option
              value={4}
            >
              Completed
            </option>
          </select>
        </div>
      </form>
    </div>
  </div>
  <div
    className="position-relative"
    style={
      Object {
        "height": "500px",
        "width": "100%",
      }
    }
  >
    <div
      className="round-loader-center position-absolute spinner-border"
      role="status"
    >
      <span
        className="visually-hidden"
        data-testid="section-loading"
      >
        Loading...
      </span>
    </div>
  </div>
</div>
`;

exports[`Home page tests home snapshot structure 1`] = `
<div
  className="container"
>
  <div
    className="mt-4 row"
  >
    <div
      className="col-12"
    >
      <div
        className="m-auto max-width-960 row"
      >
        <div
          className="ps-0 col-md-11 col-sm-10"
          data-testid="home-top-message"
        >
          Do you have an Idea to share? A challenge your team is facing? We want to hear about it! Please click the 'add' button to share.
        </div>
        <div
          className="pe-0 col-md-1 col-sm-2"
        >
          <a
            href="#/topic/"
            onClick={[Function]}
          >
            <button
              className="float-end btn btn-primary"
              disabled={false}
              type="button"
            >
              Add
            </button>
          </a>
        </div>
      </div>
    </div>
  </div>
  <div
    className="max-width-960 mx-auto row"
  >
    <div
      className="p-0 col-12"
    >
      <div
        className="mt-2"
      >
        <form
          className=""
          onSubmit={[Function]}
        >
          <div
            className="mb-3 d-flex"
          >
            <input
              className="form-control"
              data-testid="home-search-box"
              id="search-input"
              placeholder="Search"
              type="search"
            />
            <button
              aria-label="Click to Search"
              className="btn btn-primary"
              disabled={false}
              id="search-icon-btn"
              title="Click to Search"
              type="submit"
            >
              <svg
                className="bi bi-search"
                fill="currentColor"
                id="search-icon"
                viewBox="0 -3 24 24"
                xmlns="http://www.w3.org/2000/svg"
              >
                <path
                  d="M11.742 10.344a6.5 6.5 0 1 0-1.397 1.398h-.001c.03.04.062.078.098.115l3.85 3.85a1 1 0 0 0 1.415-1.414l-3.85-3.85a1.007 1.007 0 0 0-.115-.1zM12 6.5a5.5 5.5 0 1 1-11 0 5.5 5.5 0 0 1 11 0z"
                />
              </svg>
            </button>
          </div>
        </form>
      </div>
    </div>
  </div>
  <div
    className="max-width-960 mx-auto row"
  >
    <div
      className="mb-3 p-0 me-1 col-3"
    >
      <form
        className=""
      >
        <div
          className="mb-3"
        >
          <select
            className="form-select"
            defaultValue="All Categories"
            id="AllCategories"
            onChange={[Function]}
          >
            <option
              value={
                Array [
                  0,
                  1,
                ]
              }
            >
              All Categories
            </option>
            <option
              value={0}
            >
              Mindset
            </option>
            <option
              value={1}
            >
              Customer Delight
            </option>
          </select>
        </div>
      </form>
    </div>
    <div
      className="mb-3 p-0 me-1 col-3"
    >
      <form
        className=""
      >
        <div
          className="mb-3"
        >
          <select
            className="form-select"
            defaultValue="All Departments"
            id="AllDepartments"
            onChange={[Function]}
          >
            <option
              value={
                Array [
                  0,
                  1,
                ]
              }
            >
              All Departments
            </option>
            <option
              value={0}
            >
              Product Engineering
            </option>
            <option
              value={1}
            >
              Product Management
            </option>
          </select>
        </div>
      </form>
    </div>
    <div
      className="mb-3 p-0 me-1 col-3"
    >
      <form
        className=""
      >
        <div
          className="mb-3"
        >
          <select
            className="form-select"
            defaultValue="All Statuses"
            id="AllStatuses"
            onChange={[Function]}
          >
            <option
              value={
                Array [
                  0,
                  1,
                  2,
                  3,
                  4,
                ]
              }
            >
              All Statuses
            </option>
            <option
              value={0}
            >
              Proposed
            </option>
            <option
              value={1}
            >
              Brainstorming
            </option>
            <option
              value={2}
            >
              Creating
            </option>
            <option
              value={3}
            >
              Feedback
            </option>
            <option
              value={4}
            >
              Completed
            </option>
          </select>
        </div>
      </form>
    </div>
  </div>
  <div
    className="position-relative"
    style={
      Object {
        "height": "500px",
        "width": "100%",
      }
    }
  >
    <div
      className="round-loader-center position-absolute spinner-border"
      role="status"
    >
      <span
        className="visually-hidden"
        data-testid="section-loading"
      >
        Loading...
      </span>
    </div>
  </div>
</div>
`;
